Archive member included because of file (symbol)

c:/winavr-20100110/bin/../lib/gcc/avr/4.3.3/../../../../avr/lib/avr51\libm.a(divsf3.o)
                              lab2.o (__divsf3)
c:/winavr-20100110/bin/../lib/gcc/avr/4.3.3/../../../../avr/lib/avr51\libm.a(divsf3x.o)
                              c:/winavr-20100110/bin/../lib/gcc/avr/4.3.3/../../../../avr/lib/avr51\libm.a(divsf3.o) (__divsf3x)
c:/winavr-20100110/bin/../lib/gcc/avr/4.3.3/../../../../avr/lib/avr51\libm.a(fixsfsi.o)
                              lab2.o (__fixsfsi)
c:/winavr-20100110/bin/../lib/gcc/avr/4.3.3/../../../../avr/lib/avr51\libm.a(fixunssfsi.o)
                              lab2.o (__fixunssfsi)
c:/winavr-20100110/bin/../lib/gcc/avr/4.3.3/../../../../avr/lib/avr51\libm.a(floatsisf.o)
                              lab2.o (__floatunsisf)
c:/winavr-20100110/bin/../lib/gcc/avr/4.3.3/../../../../avr/lib/avr51\libm.a(fp_inf.o)
                              c:/winavr-20100110/bin/../lib/gcc/avr/4.3.3/../../../../avr/lib/avr51\libm.a(divsf3x.o) (__fp_inf)
c:/winavr-20100110/bin/../lib/gcc/avr/4.3.3/../../../../avr/lib/avr51\libm.a(fp_nan.o)
                              c:/winavr-20100110/bin/../lib/gcc/avr/4.3.3/../../../../avr/lib/avr51\libm.a(divsf3x.o) (__fp_nan)
c:/winavr-20100110/bin/../lib/gcc/avr/4.3.3/../../../../avr/lib/avr51\libm.a(fp_pscA.o)
                              c:/winavr-20100110/bin/../lib/gcc/avr/4.3.3/../../../../avr/lib/avr51\libm.a(divsf3x.o) (__fp_pscA)
c:/winavr-20100110/bin/../lib/gcc/avr/4.3.3/../../../../avr/lib/avr51\libm.a(fp_pscB.o)
                              c:/winavr-20100110/bin/../lib/gcc/avr/4.3.3/../../../../avr/lib/avr51\libm.a(divsf3x.o) (__fp_pscB)
c:/winavr-20100110/bin/../lib/gcc/avr/4.3.3/../../../../avr/lib/avr51\libm.a(fp_round.o)
                              c:/winavr-20100110/bin/../lib/gcc/avr/4.3.3/../../../../avr/lib/avr51\libm.a(divsf3.o) (__fp_round)
c:/winavr-20100110/bin/../lib/gcc/avr/4.3.3/../../../../avr/lib/avr51\libm.a(fp_split3.o)
                              c:/winavr-20100110/bin/../lib/gcc/avr/4.3.3/../../../../avr/lib/avr51\libm.a(divsf3x.o) (__fp_split3)
c:/winavr-20100110/bin/../lib/gcc/avr/4.3.3/../../../../avr/lib/avr51\libm.a(fp_zero.o)
                              c:/winavr-20100110/bin/../lib/gcc/avr/4.3.3/../../../../avr/lib/avr51\libm.a(fixunssfsi.o) (__fp_zero)
c:/winavr-20100110/bin/../lib/gcc/avr/4.3.3/../../../../avr/lib/avr51\libm.a(mulsf3.o)
                              lab2.o (__mulsf3)
c:/winavr-20100110/bin/../lib/gcc/avr/4.3.3/../../../../avr/lib/avr51\libm.a(mulsf3x.o)
                              c:/winavr-20100110/bin/../lib/gcc/avr/4.3.3/../../../../avr/lib/avr51\libm.a(mulsf3.o) (__mulsf3x)
c:/winavr-20100110/bin/../lib/gcc/avr/4.3.3/../../../../avr/lib/avr51\libm.a(sin.o)
                              lab2.o (sin)
c:/winavr-20100110/bin/../lib/gcc/avr/4.3.3/../../../../avr/lib/avr51\libm.a(fp_rempio2.o)
                              c:/winavr-20100110/bin/../lib/gcc/avr/4.3.3/../../../../avr/lib/avr51\libm.a(sin.o) (__fp_rempio2)
c:/winavr-20100110/bin/../lib/gcc/avr/4.3.3/../../../../avr/lib/avr51\libm.a(fp_sinus.o)
                              c:/winavr-20100110/bin/../lib/gcc/avr/4.3.3/../../../../avr/lib/avr51\libm.a(sin.o) (__fp_sinus)
c:/winavr-20100110/bin/../lib/gcc/avr/4.3.3/../../../../avr/lib/avr51\libm.a(addsf3x.o)
                              c:/winavr-20100110/bin/../lib/gcc/avr/4.3.3/../../../../avr/lib/avr51\libm.a(fp_sinus.o) (__addsf3x)
c:/winavr-20100110/bin/../lib/gcc/avr/4.3.3/../../../../avr/lib/avr51\libm.a(fp_mpack.o)
                              c:/winavr-20100110/bin/../lib/gcc/avr/4.3.3/../../../../avr/lib/avr51\libm.a(fp_rempio2.o) (__fp_mpack_finite)
c:/winavr-20100110/bin/../lib/gcc/avr/4.3.3/../../../../avr/lib/avr51\libm.a(fp_powsodd.o)
                              c:/winavr-20100110/bin/../lib/gcc/avr/4.3.3/../../../../avr/lib/avr51\libm.a(fp_sinus.o) (__fp_powsodd)
c:/winavr-20100110/bin/../lib/gcc/avr/4.3.3/../../../../avr/lib/avr51\libm.a(fp_powser.o)
                              c:/winavr-20100110/bin/../lib/gcc/avr/4.3.3/../../../../avr/lib/avr51\libm.a(fp_powsodd.o) (__fp_powser)
c:/winavr-20100110/bin/../lib/gcc/avr/4.3.3/avr51\libgcc.a(_udivmodhi4.o)
                              lcd_lib.o (__udivmodhi4)
c:/winavr-20100110/bin/../lib/gcc/avr/4.3.3/avr51\libgcc.a(_divmodhi4.o)
                              lcd_lib.o (__divmodhi4)
c:/winavr-20100110/bin/../lib/gcc/avr/4.3.3/avr51\libgcc.a(_exit.o)
                              c:/winavr-20100110/bin/../lib/gcc/avr/4.3.3/../../../../avr/lib/avr51/crtm1284p.o (exit)
c:/winavr-20100110/bin/../lib/gcc/avr/4.3.3/avr51\libgcc.a(_clear_bss.o)
                              lab2.o (__do_clear_bss)
c:/winavr-20100110/bin/../lib/gcc/avr/4.3.3/../../../../avr/lib/avr51\libc.a(atoi.o)
                              lab2.o (atoi)
c:/winavr-20100110/bin/../lib/gcc/avr/4.3.3/../../../../avr/lib/avr51\libc.a(mul10.o)
                              c:/winavr-20100110/bin/../lib/gcc/avr/4.3.3/../../../../avr/lib/avr51\libc.a(atoi.o) (__mulhi_const_10)
c:/winavr-20100110/bin/../lib/gcc/avr/4.3.3/../../../../avr/lib/avr51\libc.a(sprintf.o)
                              lab2.o (sprintf)
c:/winavr-20100110/bin/../lib/gcc/avr/4.3.3/../../../../avr/lib/avr51\libc.a(vfprintf_std.o)
                              c:/winavr-20100110/bin/../lib/gcc/avr/4.3.3/../../../../avr/lib/avr51\libc.a(sprintf.o) (vfprintf)
c:/winavr-20100110/bin/../lib/gcc/avr/4.3.3/../../../../avr/lib/avr51\libc.a(strnlen_P.o)
                              c:/winavr-20100110/bin/../lib/gcc/avr/4.3.3/../../../../avr/lib/avr51\libc.a(vfprintf_std.o) (strnlen_P)
c:/winavr-20100110/bin/../lib/gcc/avr/4.3.3/../../../../avr/lib/avr51\libc.a(strnlen.o)
                              c:/winavr-20100110/bin/../lib/gcc/avr/4.3.3/../../../../avr/lib/avr51\libc.a(vfprintf_std.o) (strnlen)
c:/winavr-20100110/bin/../lib/gcc/avr/4.3.3/../../../../avr/lib/avr51\libc.a(fputc.o)
                              c:/winavr-20100110/bin/../lib/gcc/avr/4.3.3/../../../../avr/lib/avr51\libc.a(vfprintf_std.o) (fputc)
c:/winavr-20100110/bin/../lib/gcc/avr/4.3.3/../../../../avr/lib/avr51\libc.a(ultoa_invert.o)
                              c:/winavr-20100110/bin/../lib/gcc/avr/4.3.3/../../../../avr/lib/avr51\libc.a(vfprintf_std.o) (__ultoa_invert)

Allocating common symbols
Common symbol       size              file

burst_frequency     0x2               lab2.o
stopped             0x1               lab2.o
entry_state         0x1               lab2.o
time_elapsed        0x2               lab2.o
rampTable           0x100             lab2.o
current_state       0x1               lab2.o
rpt_interval        0x2               lab2.o
maybe_button        0x1               lab2.o
dur_syllables       0x2               lab2.o
accumulator         0x2               lab2.o
chirpCount          0x2               lab2.o
state_timer         0x1               lab2.o
lcd_buffer          0x11              lab2.o
increment           0x2               lab2.o
time_elapsed_total  0x2               lab2.o
highbyte            0x1               lab2.o
sineTable           0x100             lab2.o
LCD_char_count      0x1               lab2.o
rampCount           0x2               lab2.o
DDS_en              0x1               lab2.o
count_for_ms        0x1               lab2.o
keystr              0x11              lab2.o
count               0x1               lab2.o
button_number       0x1               lab2.o
LED_timer           0x2               lab2.o
num_syllables       0x2               lab2.o
sample              0x2               lab2.o
syllableCount       0x2               lab2.o
chirp_interval      0x2               lab2.o

Memory Configuration

Name             Origin             Length             Attributes
text             0x00000000         0x00020000         xr
data             0x00800060         0x0000ffa0         rw !x
eeprom           0x00810000         0x00010000         rw !x
fuse             0x00820000         0x00000400         rw !x
lock             0x00830000         0x00000400         rw !x
signature        0x00840000         0x00000400         rw !x
*default*        0x00000000         0xffffffff

Linker script and memory map

Address of section .data set to 0x800100
LOAD c:/winavr-20100110/bin/../lib/gcc/avr/4.3.3/../../../../avr/lib/avr51/crtm1284p.o
LOAD lab2.o
LOAD lcd_lib.o
LOAD c:/winavr-20100110/bin/../lib/gcc/avr/4.3.3/../../../../avr/lib/avr51\libm.a
LOAD c:/winavr-20100110/bin/../lib/gcc/avr/4.3.3/avr51\libgcc.a
LOAD c:/winavr-20100110/bin/../lib/gcc/avr/4.3.3/../../../../avr/lib/avr51\libc.a
LOAD c:/winavr-20100110/bin/../lib/gcc/avr/4.3.3/avr51\libgcc.a

.hash
 *(.hash)

.dynsym
 *(.dynsym)

.dynstr
 *(.dynstr)

.gnu.version
 *(.gnu.version)

.gnu.version_d
 *(.gnu.version_d)

.gnu.version_r
 *(.gnu.version_r)

.rel.init
 *(.rel.init)

.rela.init
 *(.rela.init)

.rel.text
 *(.rel.text)
 *(.rel.text.*)
 *(.rel.gnu.linkonce.t*)

.rela.text
 *(.rela.text)
 *(.rela.text.*)
 *(.rela.gnu.linkonce.t*)

.rel.fini
 *(.rel.fini)

.rela.fini
 *(.rela.fini)

.rel.rodata
 *(.rel.rodata)
 *(.rel.rodata.*)
 *(.rel.gnu.linkonce.r*)

.rela.rodata
 *(.rela.rodata)
 *(.rela.rodata.*)
 *(.rela.gnu.linkonce.r*)

.rel.data
 *(.rel.data)
 *(.rel.data.*)
 *(.rel.gnu.linkonce.d*)

.rela.data
 *(.rela.data)
 *(.rela.data.*)
 *(.rela.gnu.linkonce.d*)

.rel.ctors
 *(.rel.ctors)

.rela.ctors
 *(.rela.ctors)

.rel.dtors
 *(.rel.dtors)

.rela.dtors
 *(.rela.dtors)

.rel.got
 *(.rel.got)

.rela.got
 *(.rela.got)

.rel.bss
 *(.rel.bss)

.rela.bss
 *(.rela.bss)

.rel.plt
 *(.rel.plt)

.rela.plt
 *(.rela.plt)

.text           0x00000000     0x1764
 *(.vectors)
 .vectors       0x00000000       0x8c c:/winavr-20100110/bin/../lib/gcc/avr/4.3.3/../../../../avr/lib/avr51/crtm1284p.o
                0x00000000                __vectors
                0x00000000                __vector_default
 *(.vectors)
 *(.progmem.gcc*)
 .progmem.gcc_fplib
                0x0000008c       0x1e c:/winavr-20100110/bin/../lib/gcc/avr/4.3.3/../../../../avr/lib/avr51\libm.a(fp_sinus.o)
 *(.progmem*)
 .progmem.data  0x000000aa       0x8c lab2.o
                0x000000f2                LCD_dur_syllable
                0x000000aa                LCD_initialize
                0x000000bc                LCD_burst_freq
                0x00000116                LCD_playing
                0x00000104                LCD_rpt_interval
                0x000000ce                LCD_interval
                0x00000128                LCD_cap_clear
                0x000000e0                LCD_num_syllable
 .progmem.data  0x00000136       0x40 lcd_lib.o
                0x00000136                LcdCustomChar
                0x00000176                . = ALIGN (0x2)
                0x00000176                __trampolines_start = .
 *(.trampolines)
 .trampolines   0x00000176        0x0 linker stubs
 *(.trampolines*)
                0x00000176                __trampolines_end = .
 *(.jumptables)
 *(.jumptables*)
 *(.lowtext)
 *(.lowtext*)
                0x00000176                __ctors_start = .
 *(.ctors)
                0x00000176                __ctors_end = .
                0x00000176                __dtors_start = .
 *(.dtors)
                0x00000176                __dtors_end = .
 SORT(*)(.ctors)
 SORT(*)(.dtors)
 *(.init0)
 .init0         0x00000176        0x0 c:/winavr-20100110/bin/../lib/gcc/avr/4.3.3/../../../../avr/lib/avr51/crtm1284p.o
                0x00000176                __init
 *(.init0)
 *(.init1)
 *(.init1)
 *(.init2)
 .init2         0x00000176        0xc c:/winavr-20100110/bin/../lib/gcc/avr/4.3.3/../../../../avr/lib/avr51/crtm1284p.o
 *(.init2)
 *(.init3)
 *(.init3)
 *(.init4)
 .init4         0x00000182       0x1a c:/winavr-20100110/bin/../lib/gcc/avr/4.3.3/../../../../avr/lib/avr51/crtm1284p.o
                0x00000182                __do_copy_data
 .init4         0x0000019c       0x10 c:/winavr-20100110/bin/../lib/gcc/avr/4.3.3/avr51\libgcc.a(_clear_bss.o)
                0x0000019c                __do_clear_bss
 *(.init4)
 *(.init5)
 *(.init5)
 *(.init6)
 *(.init6)
 *(.init7)
 *(.init7)
 *(.init8)
 *(.init8)
 *(.init9)
 .init9         0x000001ac        0x8 c:/winavr-20100110/bin/../lib/gcc/avr/4.3.3/../../../../avr/lib/avr51/crtm1284p.o
 *(.init9)
 *(.text)
 .text          0x000001b4        0x4 c:/winavr-20100110/bin/../lib/gcc/avr/4.3.3/../../../../avr/lib/avr51/crtm1284p.o
                0x000001b4                __vector_22
                0x000001b4                __vector_28
                0x000001b4                __vector_1
                0x000001b4                __vector_32
                0x000001b4                __vector_34
                0x000001b4                __vector_24
                0x000001b4                __vector_12
                0x000001b4                __bad_interrupt
                0x000001b4                __vector_6
                0x000001b4                __vector_31
                0x000001b4                __vector_3
                0x000001b4                __vector_23
                0x000001b4                __vector_30
                0x000001b4                __vector_25
                0x000001b4                __vector_11
                0x000001b4                __vector_13
                0x000001b4                __vector_17
                0x000001b4                __vector_19
                0x000001b4                __vector_7
                0x000001b4                __vector_27
                0x000001b4                __vector_5
                0x000001b4                __vector_33
                0x000001b4                __vector_4
                0x000001b4                __vector_9
                0x000001b4                __vector_2
                0x000001b4                __vector_21
                0x000001b4                __vector_15
                0x000001b4                __vector_29
                0x000001b4                __vector_8
                0x000001b4                __vector_26
                0x000001b4                __vector_14
                0x000001b4                __vector_10
                0x000001b4                __vector_16
                0x000001b4                __vector_20
 .text          0x000001b8      0x79c lab2.o
                0x000004a4                update_LCD_state_line
                0x000001d2                port_init
                0x00000480                update_LCD
                0x000003f2                save_parameter
                0x00000586                update_entry_state
                0x00000566                checkStop
                0x000008f0                write_LCD
                0x000006e8                LCD_init
                0x000003d8                my_str2int
                0x0000039e                keypad
                0x000007dc                main
                0x000001b8                timer0_init
                0x000001ea                LED_toggle
                0x000005b6                update_state
                0x0000078e                initialize
                0x00000200                __vector_18
                0x0000070e                DDS_init
 .text          0x00000954      0x2ea lcd_lib.o
                0x00000a9e                LCDinit
                0x00000b86                LCDcursorLeft
                0x00000b6e                LCDcursorOFF
                0x00000b5e                LCDcursorOn
                0x00000996                LCDsendCommand
                0x00000b42                LCDshiftRight
                0x00000ba2                LCDcursorRight
                0x00000a56                LCDdefinechar
                0x00000b26                LCDshiftLeft
                0x00000954                LCDsendChar
                0x00000b7e                LCDvisible
                0x000009d8                LCDhome
                0x00000a28                CopyStringtoLCD
                0x00000bbe                LCDprogressBar
                0x00000b66                LCDcursorOnBlink
                0x00000a0a                LCDGotoXY
                0x000009d0                LCDclr
                0x000009e0                LCDstring
                0x00000b76                LCDblank
 .text          0x00000c3e        0x0 c:/winavr-20100110/bin/../lib/gcc/avr/4.3.3/../../../../avr/lib/avr51\libm.a(divsf3.o)
 .text          0x00000c3e        0x0 c:/winavr-20100110/bin/../lib/gcc/avr/4.3.3/../../../../avr/lib/avr51\libm.a(divsf3x.o)
 .text          0x00000c3e        0x0 c:/winavr-20100110/bin/../lib/gcc/avr/4.3.3/../../../../avr/lib/avr51\libm.a(fixsfsi.o)
 .text          0x00000c3e        0x0 c:/winavr-20100110/bin/../lib/gcc/avr/4.3.3/../../../../avr/lib/avr51\libm.a(fixunssfsi.o)
 .text          0x00000c3e        0x0 c:/winavr-20100110/bin/../lib/gcc/avr/4.3.3/../../../../avr/lib/avr51\libm.a(floatsisf.o)
 .text          0x00000c3e        0x0 c:/winavr-20100110/bin/../lib/gcc/avr/4.3.3/../../../../avr/lib/avr51\libm.a(fp_inf.o)
 .text          0x00000c3e        0x0 c:/winavr-20100110/bin/../lib/gcc/avr/4.3.3/../../../../avr/lib/avr51\libm.a(fp_nan.o)
 .text          0x00000c3e        0x0 c:/winavr-20100110/bin/../lib/gcc/avr/4.3.3/../../../../avr/lib/avr51\libm.a(fp_pscA.o)
 .text          0x00000c3e        0x0 c:/winavr-20100110/bin/../lib/gcc/avr/4.3.3/../../../../avr/lib/avr51\libm.a(fp_pscB.o)
 .text          0x00000c3e        0x0 c:/winavr-20100110/bin/../lib/gcc/avr/4.3.3/../../../../avr/lib/avr51\libm.a(fp_round.o)
 .text          0x00000c3e        0x0 c:/winavr-20100110/bin/../lib/gcc/avr/4.3.3/../../../../avr/lib/avr51\libm.a(fp_split3.o)
 .text          0x00000c3e        0x0 c:/winavr-20100110/bin/../lib/gcc/avr/4.3.3/../../../../avr/lib/avr51\libm.a(fp_zero.o)
 .text          0x00000c3e        0x0 c:/winavr-20100110/bin/../lib/gcc/avr/4.3.3/../../../../avr/lib/avr51\libm.a(mulsf3.o)
 .text          0x00000c3e        0x0 c:/winavr-20100110/bin/../lib/gcc/avr/4.3.3/../../../../avr/lib/avr51\libm.a(mulsf3x.o)
 .text          0x00000c3e        0x0 c:/winavr-20100110/bin/../lib/gcc/avr/4.3.3/../../../../avr/lib/avr51\libm.a(sin.o)
 .text          0x00000c3e        0x0 c:/winavr-20100110/bin/../lib/gcc/avr/4.3.3/../../../../avr/lib/avr51\libm.a(fp_rempio2.o)
 .text          0x00000c3e        0x0 c:/winavr-20100110/bin/../lib/gcc/avr/4.3.3/../../../../avr/lib/avr51\libm.a(fp_sinus.o)
 .text          0x00000c3e        0x0 c:/winavr-20100110/bin/../lib/gcc/avr/4.3.3/../../../../avr/lib/avr51\libm.a(addsf3x.o)
 .text          0x00000c3e        0x0 c:/winavr-20100110/bin/../lib/gcc/avr/4.3.3/../../../../avr/lib/avr51\libm.a(fp_mpack.o)
 .text          0x00000c3e        0x0 c:/winavr-20100110/bin/../lib/gcc/avr/4.3.3/../../../../avr/lib/avr51\libm.a(fp_powsodd.o)
 .text          0x00000c3e        0x0 c:/winavr-20100110/bin/../lib/gcc/avr/4.3.3/../../../../avr/lib/avr51\libm.a(fp_powser.o)
 .text          0x00000c3e        0x0 c:/winavr-20100110/bin/../lib/gcc/avr/4.3.3/avr51\libgcc.a(_udivmodhi4.o)
 .text          0x00000c3e        0x0 c:/winavr-20100110/bin/../lib/gcc/avr/4.3.3/avr51\libgcc.a(_divmodhi4.o)
 .text          0x00000c3e        0x0 c:/winavr-20100110/bin/../lib/gcc/avr/4.3.3/avr51\libgcc.a(_exit.o)
 .text          0x00000c3e        0x0 c:/winavr-20100110/bin/../lib/gcc/avr/4.3.3/avr51\libgcc.a(_clear_bss.o)
 .text          0x00000c3e        0x0 c:/winavr-20100110/bin/../lib/gcc/avr/4.3.3/../../../../avr/lib/avr51\libc.a(atoi.o)
 .text          0x00000c3e        0x0 c:/winavr-20100110/bin/../lib/gcc/avr/4.3.3/../../../../avr/lib/avr51\libc.a(mul10.o)
 .text          0x00000c3e        0x0 c:/winavr-20100110/bin/../lib/gcc/avr/4.3.3/../../../../avr/lib/avr51\libc.a(sprintf.o)
 .text          0x00000c3e        0x0 c:/winavr-20100110/bin/../lib/gcc/avr/4.3.3/../../../../avr/lib/avr51\libc.a(vfprintf_std.o)
 .text          0x00000c3e        0x0 c:/winavr-20100110/bin/../lib/gcc/avr/4.3.3/../../../../avr/lib/avr51\libc.a(strnlen_P.o)
 .text          0x00000c3e        0x0 c:/winavr-20100110/bin/../lib/gcc/avr/4.3.3/../../../../avr/lib/avr51\libc.a(strnlen.o)
 .text          0x00000c3e        0x0 c:/winavr-20100110/bin/../lib/gcc/avr/4.3.3/../../../../avr/lib/avr51\libc.a(fputc.o)
 .text          0x00000c3e        0x0 c:/winavr-20100110/bin/../lib/gcc/avr/4.3.3/../../../../avr/lib/avr51\libc.a(ultoa_invert.o)
                0x00000c3e                . = ALIGN (0x2)
 *(.text.*)
 .text.avr-libc.fplib
                0x00000c3e        0x4 c:/winavr-20100110/bin/../lib/gcc/avr/4.3.3/../../../../avr/lib/avr51\libm.a(divsf3.o)
                0x00000c3e                __divsf3
 .text.avr-libc.fplib
                0x00000c42       0xcc c:/winavr-20100110/bin/../lib/gcc/avr/4.3.3/../../../../avr/lib/avr51\libm.a(divsf3x.o)
                0x00000c58                __divsf3x
                0x00000c5c                __divsf3_pse
 .text.avr-libc.fplib
                0x00000d0e        0xa c:/winavr-20100110/bin/../lib/gcc/avr/4.3.3/../../../../avr/lib/avr51\libm.a(fixsfsi.o)
                0x00000d0e                __fixsfsi
 .text.avr-libc.fplib
                0x00000d18       0x58 c:/winavr-20100110/bin/../lib/gcc/avr/4.3.3/../../../../avr/lib/avr51\libm.a(fixunssfsi.o)
                0x00000d18                __fixunssfsi
 .text.avr-libc.fplib
                0x00000d70       0x7a c:/winavr-20100110/bin/../lib/gcc/avr/4.3.3/../../../../avr/lib/avr51\libm.a(floatsisf.o)
                0x00000d74                __floatsisf
                0x00000d70                __floatunsisf
 .text.avr-libc.fplib
                0x00000dea        0xc c:/winavr-20100110/bin/../lib/gcc/avr/4.3.3/../../../../avr/lib/avr51\libm.a(fp_inf.o)
                0x00000dea                __fp_inf
 .text.avr-libc.fplib
                0x00000df6        0x6 c:/winavr-20100110/bin/../lib/gcc/avr/4.3.3/../../../../avr/lib/avr51\libm.a(fp_nan.o)
                0x00000df6                __fp_nan
 .text.avr-libc.fplib
                0x00000dfc        0xe c:/winavr-20100110/bin/../lib/gcc/avr/4.3.3/../../../../avr/lib/avr51\libm.a(fp_pscA.o)
                0x00000dfc                __fp_pscA
 .text.avr-libc.fplib
                0x00000e0a        0xe c:/winavr-20100110/bin/../lib/gcc/avr/4.3.3/../../../../avr/lib/avr51\libm.a(fp_pscB.o)
                0x00000e0a                __fp_pscB
 .text.avr-libc.fplib
                0x00000e18       0x22 c:/winavr-20100110/bin/../lib/gcc/avr/4.3.3/../../../../avr/lib/avr51\libm.a(fp_round.o)
                0x00000e18                __fp_round
 .text.avr-libc.fplib
                0x00000e3a       0x44 c:/winavr-20100110/bin/../lib/gcc/avr/4.3.3/../../../../avr/lib/avr51\libm.a(fp_split3.o)
                0x00000e3a                __fp_split3
                0x00000e4a                __fp_splitA
 .text.avr-libc.fplib
                0x00000e7e        0xe c:/winavr-20100110/bin/../lib/gcc/avr/4.3.3/../../../../avr/lib/avr51\libm.a(fp_zero.o)
                0x00000e7e                __fp_zero
                0x00000e80                __fp_szero
 .text.avr-libc.fplib
                0x00000e8c        0x4 c:/winavr-20100110/bin/../lib/gcc/avr/4.3.3/../../../../avr/lib/avr51\libm.a(mulsf3.o)
                0x00000e8c                __mulsf3
 .text.avr-libc.fplib
                0x00000e90       0xc2 c:/winavr-20100110/bin/../lib/gcc/avr/4.3.3/../../../../avr/lib/avr51\libm.a(mulsf3x.o)
                0x00000ea8                __mulsf3_pse
                0x00000ea4                __mulsf3x
 .text.avr-libc.fplib
                0x00000f52        0xc c:/winavr-20100110/bin/../lib/gcc/avr/4.3.3/../../../../avr/lib/avr51\libm.a(sin.o)
                0x00000f52                sin
 .text.avr-libc.fplib
                0x00000f5e       0x50 c:/winavr-20100110/bin/../lib/gcc/avr/4.3.3/../../../../avr/lib/avr51\libm.a(fp_rempio2.o)
                0x00000f60                __fp_rempio2
 .text.avr-libc.fplib
                0x00000fae       0x22 c:/winavr-20100110/bin/../lib/gcc/avr/4.3.3/../../../../avr/lib/avr51\libm.a(fp_sinus.o)
                0x00000fae                __fp_sinus
 .text.avr-libc.fplib
                0x00000fd0       0xc0 c:/winavr-20100110/bin/../lib/gcc/avr/4.3.3/../../../../avr/lib/avr51\libm.a(addsf3x.o)
                0x00000fea                __addsf3x
 .text.avr-libc.fplib
                0x00001090       0x1c c:/winavr-20100110/bin/../lib/gcc/avr/4.3.3/../../../../avr/lib/avr51\libm.a(fp_mpack.o)
                0x00001094                __fp_mpack_finite
                0x00001090                __fp_mpack
 .text.avr-libc.fplib
                0x000010ac       0x22 c:/winavr-20100110/bin/../lib/gcc/avr/4.3.3/../../../../avr/lib/avr51\libm.a(fp_powsodd.o)
                0x000010ac                __fp_powsodd
 .text.avr-libc.fplib
                0x000010ce       0x4a c:/winavr-20100110/bin/../lib/gcc/avr/4.3.3/../../../../avr/lib/avr51\libm.a(fp_powser.o)
                0x000010ce                __fp_powser
 .text.libgcc   0x00001118       0x28 c:/winavr-20100110/bin/../lib/gcc/avr/4.3.3/avr51\libgcc.a(_udivmodhi4.o)
                0x00001118                __udivmodhi4
 .text.libgcc   0x00001140       0x26 c:/winavr-20100110/bin/../lib/gcc/avr/4.3.3/avr51\libgcc.a(_divmodhi4.o)
                0x00001140                __divmodhi4
                0x00001140                _div
 .text.libgcc   0x00001166        0x0 c:/winavr-20100110/bin/../lib/gcc/avr/4.3.3/avr51\libgcc.a(_exit.o)
 .text.libgcc   0x00001166        0x0 c:/winavr-20100110/bin/../lib/gcc/avr/4.3.3/avr51\libgcc.a(_clear_bss.o)
 .text.avr-libc
                0x00001166       0x3c c:/winavr-20100110/bin/../lib/gcc/avr/4.3.3/../../../../avr/lib/avr51\libc.a(atoi.o)
                0x00001166                atoi
 .text.avr-libc
                0x000011a2       0x10 c:/winavr-20100110/bin/../lib/gcc/avr/4.3.3/../../../../avr/lib/avr51\libc.a(mul10.o)
                0x000011a2                __mulhi_const_10
 .text.avr-libc
                0x000011b2       0x62 c:/winavr-20100110/bin/../lib/gcc/avr/4.3.3/../../../../avr/lib/avr51\libc.a(sprintf.o)
                0x000011b2                sprintf
 .text.avr-libc
                0x00001214      0x40c c:/winavr-20100110/bin/../lib/gcc/avr/4.3.3/../../../../avr/lib/avr51\libc.a(vfprintf_std.o)
                0x00001214                vfprintf
 .text.avr-libc
                0x00001620       0x16 c:/winavr-20100110/bin/../lib/gcc/avr/4.3.3/../../../../avr/lib/avr51\libc.a(strnlen_P.o)
                0x00001620                strnlen_P
 .text.avr-libc
                0x00001636       0x16 c:/winavr-20100110/bin/../lib/gcc/avr/4.3.3/../../../../avr/lib/avr51\libc.a(strnlen.o)
                0x00001636                strnlen
 .text.avr-libc
                0x0000164c       0x58 c:/winavr-20100110/bin/../lib/gcc/avr/4.3.3/../../../../avr/lib/avr51\libc.a(fputc.o)
                0x0000164c                fputc
 .text.avr-libc
                0x000016a4       0xbc c:/winavr-20100110/bin/../lib/gcc/avr/4.3.3/../../../../avr/lib/avr51\libc.a(ultoa_invert.o)
                0x000016a4                __ultoa_invert
                0x00001760                . = ALIGN (0x2)
 *(.fini9)
 .fini9         0x00001760        0x0 c:/winavr-20100110/bin/../lib/gcc/avr/4.3.3/avr51\libgcc.a(_exit.o)
                0x00001760                exit
                0x00001760                _exit
 *(.fini9)
 *(.fini8)
 *(.fini8)
 *(.fini7)
 *(.fini7)
 *(.fini6)
 *(.fini6)
 *(.fini5)
 *(.fini5)
 *(.fini4)
 *(.fini4)
 *(.fini3)
 *(.fini3)
 *(.fini2)
 *(.fini2)
 *(.fini1)
 *(.fini1)
 *(.fini0)
 .fini0         0x00001760        0x4 c:/winavr-20100110/bin/../lib/gcc/avr/4.3.3/avr51\libgcc.a(_exit.o)
 *(.fini0)
                0x00001764                _etext = .

.data           0x00800100       0x18 load address 0x00001764
                0x00800100                PROVIDE (__data_start, .)
 *(.data)
 .data          0x00800100        0x0 c:/winavr-20100110/bin/../lib/gcc/avr/4.3.3/../../../../avr/lib/avr51/crtm1284p.o
 .data          0x00800100       0x17 lab2.o
                0x00800107                key_table
 .data          0x00800117        0x0 lcd_lib.o
 .data          0x00800117        0x0 c:/winavr-20100110/bin/../lib/gcc/avr/4.3.3/../../../../avr/lib/avr51\libm.a(divsf3.o)
 .data          0x00800117        0x0 c:/winavr-20100110/bin/../lib/gcc/avr/4.3.3/../../../../avr/lib/avr51\libm.a(divsf3x.o)
 .data          0x00800117        0x0 c:/winavr-20100110/bin/../lib/gcc/avr/4.3.3/../../../../avr/lib/avr51\libm.a(fixsfsi.o)
 .data          0x00800117        0x0 c:/winavr-20100110/bin/../lib/gcc/avr/4.3.3/../../../../avr/lib/avr51\libm.a(fixunssfsi.o)
 .data          0x00800117        0x0 c:/winavr-20100110/bin/../lib/gcc/avr/4.3.3/../../../../avr/lib/avr51\libm.a(floatsisf.o)
 .data          0x00800117        0x0 c:/winavr-20100110/bin/../lib/gcc/avr/4.3.3/../../../../avr/lib/avr51\libm.a(fp_inf.o)
 .data          0x00800117        0x0 c:/winavr-20100110/bin/../lib/gcc/avr/4.3.3/../../../../avr/lib/avr51\libm.a(fp_nan.o)
 .data          0x00800117        0x0 c:/winavr-20100110/bin/../lib/gcc/avr/4.3.3/../../../../avr/lib/avr51\libm.a(fp_pscA.o)
 .data          0x00800117        0x0 c:/winavr-20100110/bin/../lib/gcc/avr/4.3.3/../../../../avr/lib/avr51\libm.a(fp_pscB.o)
 .data          0x00800117        0x0 c:/winavr-20100110/bin/../lib/gcc/avr/4.3.3/../../../../avr/lib/avr51\libm.a(fp_round.o)
 .data          0x00800117        0x0 c:/winavr-20100110/bin/../lib/gcc/avr/4.3.3/../../../../avr/lib/avr51\libm.a(fp_split3.o)
 .data          0x00800117        0x0 c:/winavr-20100110/bin/../lib/gcc/avr/4.3.3/../../../../avr/lib/avr51\libm.a(fp_zero.o)
 .data          0x00800117        0x0 c:/winavr-20100110/bin/../lib/gcc/avr/4.3.3/../../../../avr/lib/avr51\libm.a(mulsf3.o)
 .data          0x00800117        0x0 c:/winavr-20100110/bin/../lib/gcc/avr/4.3.3/../../../../avr/lib/avr51\libm.a(mulsf3x.o)
 .data          0x00800117        0x0 c:/winavr-20100110/bin/../lib/gcc/avr/4.3.3/../../../../avr/lib/avr51\libm.a(sin.o)
 .data          0x00800117        0x0 c:/winavr-20100110/bin/../lib/gcc/avr/4.3.3/../../../../avr/lib/avr51\libm.a(fp_rempio2.o)
 .data          0x00800117        0x0 c:/winavr-20100110/bin/../lib/gcc/avr/4.3.3/../../../../avr/lib/avr51\libm.a(fp_sinus.o)
 .data          0x00800117        0x0 c:/winavr-20100110/bin/../lib/gcc/avr/4.3.3/../../../../avr/lib/avr51\libm.a(addsf3x.o)
 .data          0x00800117        0x0 c:/winavr-20100110/bin/../lib/gcc/avr/4.3.3/../../../../avr/lib/avr51\libm.a(fp_mpack.o)
 .data          0x00800117        0x0 c:/winavr-20100110/bin/../lib/gcc/avr/4.3.3/../../../../avr/lib/avr51\libm.a(fp_powsodd.o)
 .data          0x00800117        0x0 c:/winavr-20100110/bin/../lib/gcc/avr/4.3.3/../../../../avr/lib/avr51\libm.a(fp_powser.o)
 .data          0x00800117        0x0 c:/winavr-20100110/bin/../lib/gcc/avr/4.3.3/avr51\libgcc.a(_udivmodhi4.o)
 .data          0x00800117        0x0 c:/winavr-20100110/bin/../lib/gcc/avr/4.3.3/avr51\libgcc.a(_divmodhi4.o)
 .data          0x00800117        0x0 c:/winavr-20100110/bin/../lib/gcc/avr/4.3.3/avr51\libgcc.a(_exit.o)
 .data          0x00800117        0x0 c:/winavr-20100110/bin/../lib/gcc/avr/4.3.3/avr51\libgcc.a(_clear_bss.o)
 .data          0x00800117        0x0 c:/winavr-20100110/bin/../lib/gcc/avr/4.3.3/../../../../avr/lib/avr51\libc.a(atoi.o)
 .data          0x00800117        0x0 c:/winavr-20100110/bin/../lib/gcc/avr/4.3.3/../../../../avr/lib/avr51\libc.a(mul10.o)
 .data          0x00800117        0x0 c:/winavr-20100110/bin/../lib/gcc/avr/4.3.3/../../../../avr/lib/avr51\libc.a(sprintf.o)
 .data          0x00800117        0x0 c:/winavr-20100110/bin/../lib/gcc/avr/4.3.3/../../../../avr/lib/avr51\libc.a(vfprintf_std.o)
 .data          0x00800117        0x0 c:/winavr-20100110/bin/../lib/gcc/avr/4.3.3/../../../../avr/lib/avr51\libc.a(strnlen_P.o)
 .data          0x00800117        0x0 c:/winavr-20100110/bin/../lib/gcc/avr/4.3.3/../../../../avr/lib/avr51\libc.a(strnlen.o)
 .data          0x00800117        0x0 c:/winavr-20100110/bin/../lib/gcc/avr/4.3.3/../../../../avr/lib/avr51\libc.a(fputc.o)
 .data          0x00800117        0x0 c:/winavr-20100110/bin/../lib/gcc/avr/4.3.3/../../../../avr/lib/avr51\libc.a(ultoa_invert.o)
 *(.data*)
 *(.rodata)
 *(.rodata*)
 *(.gnu.linkonce.d*)
                0x00800118                . = ALIGN (0x2)
 *fill*         0x00800117        0x1 00
                0x00800118                _edata = .
                0x00800118                PROVIDE (__data_end, .)

.bss            0x00800118      0x249
                0x00800118                PROVIDE (__bss_start, .)
 *(.bss)
 .bss           0x00800118        0x0 c:/winavr-20100110/bin/../lib/gcc/avr/4.3.3/../../../../avr/lib/avr51/crtm1284p.o
 .bss           0x00800118        0x0 lab2.o
 .bss           0x00800118        0x0 lcd_lib.o
 .bss           0x00800118        0x0 c:/winavr-20100110/bin/../lib/gcc/avr/4.3.3/../../../../avr/lib/avr51\libm.a(divsf3.o)
 .bss           0x00800118        0x0 c:/winavr-20100110/bin/../lib/gcc/avr/4.3.3/../../../../avr/lib/avr51\libm.a(divsf3x.o)
 .bss           0x00800118        0x0 c:/winavr-20100110/bin/../lib/gcc/avr/4.3.3/../../../../avr/lib/avr51\libm.a(fixsfsi.o)
 .bss           0x00800118        0x0 c:/winavr-20100110/bin/../lib/gcc/avr/4.3.3/../../../../avr/lib/avr51\libm.a(fixunssfsi.o)
 .bss           0x00800118        0x0 c:/winavr-20100110/bin/../lib/gcc/avr/4.3.3/../../../../avr/lib/avr51\libm.a(floatsisf.o)
 .bss           0x00800118        0x0 c:/winavr-20100110/bin/../lib/gcc/avr/4.3.3/../../../../avr/lib/avr51\libm.a(fp_inf.o)
 .bss           0x00800118        0x0 c:/winavr-20100110/bin/../lib/gcc/avr/4.3.3/../../../../avr/lib/avr51\libm.a(fp_nan.o)
 .bss           0x00800118        0x0 c:/winavr-20100110/bin/../lib/gcc/avr/4.3.3/../../../../avr/lib/avr51\libm.a(fp_pscA.o)
 .bss           0x00800118        0x0 c:/winavr-20100110/bin/../lib/gcc/avr/4.3.3/../../../../avr/lib/avr51\libm.a(fp_pscB.o)
 .bss           0x00800118        0x0 c:/winavr-20100110/bin/../lib/gcc/avr/4.3.3/../../../../avr/lib/avr51\libm.a(fp_round.o)
 .bss           0x00800118        0x0 c:/winavr-20100110/bin/../lib/gcc/avr/4.3.3/../../../../avr/lib/avr51\libm.a(fp_split3.o)
 .bss           0x00800118        0x0 c:/winavr-20100110/bin/../lib/gcc/avr/4.3.3/../../../../avr/lib/avr51\libm.a(fp_zero.o)
 .bss           0x00800118        0x0 c:/winavr-20100110/bin/../lib/gcc/avr/4.3.3/../../../../avr/lib/avr51\libm.a(mulsf3.o)
 .bss           0x00800118        0x0 c:/winavr-20100110/bin/../lib/gcc/avr/4.3.3/../../../../avr/lib/avr51\libm.a(mulsf3x.o)
 .bss           0x00800118        0x0 c:/winavr-20100110/bin/../lib/gcc/avr/4.3.3/../../../../avr/lib/avr51\libm.a(sin.o)
 .bss           0x00800118        0x0 c:/winavr-20100110/bin/../lib/gcc/avr/4.3.3/../../../../avr/lib/avr51\libm.a(fp_rempio2.o)
 .bss           0x00800118        0x0 c:/winavr-20100110/bin/../lib/gcc/avr/4.3.3/../../../../avr/lib/avr51\libm.a(fp_sinus.o)
 .bss           0x00800118        0x0 c:/winavr-20100110/bin/../lib/gcc/avr/4.3.3/../../../../avr/lib/avr51\libm.a(addsf3x.o)
 .bss           0x00800118        0x0 c:/winavr-20100110/bin/../lib/gcc/avr/4.3.3/../../../../avr/lib/avr51\libm.a(fp_mpack.o)
 .bss           0x00800118        0x0 c:/winavr-20100110/bin/../lib/gcc/avr/4.3.3/../../../../avr/lib/avr51\libm.a(fp_powsodd.o)
 .bss           0x00800118        0x0 c:/winavr-20100110/bin/../lib/gcc/avr/4.3.3/../../../../avr/lib/avr51\libm.a(fp_powser.o)
 .bss           0x00800118        0x0 c:/winavr-20100110/bin/../lib/gcc/avr/4.3.3/avr51\libgcc.a(_udivmodhi4.o)
 .bss           0x00800118        0x0 c:/winavr-20100110/bin/../lib/gcc/avr/4.3.3/avr51\libgcc.a(_divmodhi4.o)
 .bss           0x00800118        0x0 c:/winavr-20100110/bin/../lib/gcc/avr/4.3.3/avr51\libgcc.a(_exit.o)
 .bss           0x00800118        0x0 c:/winavr-20100110/bin/../lib/gcc/avr/4.3.3/avr51\libgcc.a(_clear_bss.o)
 .bss           0x00800118        0x0 c:/winavr-20100110/bin/../lib/gcc/avr/4.3.3/../../../../avr/lib/avr51\libc.a(atoi.o)
 .bss           0x00800118        0x0 c:/winavr-20100110/bin/../lib/gcc/avr/4.3.3/../../../../avr/lib/avr51\libc.a(mul10.o)
 .bss           0x00800118        0x0 c:/winavr-20100110/bin/../lib/gcc/avr/4.3.3/../../../../avr/lib/avr51\libc.a(sprintf.o)
 .bss           0x00800118        0x0 c:/winavr-20100110/bin/../lib/gcc/avr/4.3.3/../../../../avr/lib/avr51\libc.a(vfprintf_std.o)
 .bss           0x00800118        0x0 c:/winavr-20100110/bin/../lib/gcc/avr/4.3.3/../../../../avr/lib/avr51\libc.a(strnlen_P.o)
 .bss           0x00800118        0x0 c:/winavr-20100110/bin/../lib/gcc/avr/4.3.3/../../../../avr/lib/avr51\libc.a(strnlen.o)
 .bss           0x00800118        0x0 c:/winavr-20100110/bin/../lib/gcc/avr/4.3.3/../../../../avr/lib/avr51\libc.a(fputc.o)
 .bss           0x00800118        0x0 c:/winavr-20100110/bin/../lib/gcc/avr/4.3.3/../../../../avr/lib/avr51\libc.a(ultoa_invert.o)
 *(.bss*)
 *(COMMON)
 COMMON         0x00800118      0x249 lab2.o
                0x00800118                burst_frequency
                0x0080011a                stopped
                0x0080011b                entry_state
                0x0080011c                time_elapsed
                0x0080011e                rampTable
                0x0080021e                current_state
                0x0080021f                rpt_interval
                0x00800221                maybe_button
                0x00800222                dur_syllables
                0x00800224                accumulator
                0x00800226                chirpCount
                0x00800228                state_timer
                0x00800229                lcd_buffer
                0x0080023a                increment
                0x0080023c                time_elapsed_total
                0x0080023e                highbyte
                0x0080023f                sineTable
                0x0080033f                LCD_char_count
                0x00800340                rampCount
                0x00800342                DDS_en
                0x00800343                count_for_ms
                0x00800344                keystr
                0x00800355                count
                0x00800356                button_number
                0x00800357                LED_timer
                0x00800359                num_syllables
                0x0080035b                sample
                0x0080035d                syllableCount
                0x0080035f                chirp_interval
                0x00800361                PROVIDE (__bss_end, .)
                0x00001764                __data_load_start = LOADADDR (.data)
                0x0000177c                __data_load_end = (__data_load_start + SIZEOF (.data))

.noinit         0x00800361        0x0
                0x00800361                PROVIDE (__noinit_start, .)
 *(.noinit*)
                0x00800361                PROVIDE (__noinit_end, .)
                0x00800361                _end = .
                0x00800361                PROVIDE (__heap_start, .)

.eeprom         0x00810000        0x0
 *(.eeprom*)
                0x00810000                __eeprom_end = .

.fuse
 *(.fuse)
 *(.lfuse)
 *(.hfuse)
 *(.efuse)

.lock
 *(.lock*)

.signature
 *(.signature*)

.stab
 *(.stab)

.stabstr
 *(.stabstr)

.stab.excl
 *(.stab.excl)

.stab.exclstr
 *(.stab.exclstr)

.stab.index
 *(.stab.index)

.stab.indexstr
 *(.stab.indexstr)

.comment
 *(.comment)

.debug
 *(.debug)

.line
 *(.line)

.debug_srcinfo
 *(.debug_srcinfo)

.debug_sfnames
 *(.debug_sfnames)

.debug_aranges  0x00000000       0x40
 *(.debug_aranges)
 .debug_aranges
                0x00000000       0x20 lab2.o
 .debug_aranges
                0x00000020       0x20 lcd_lib.o

.debug_pubnames
                0x00000000      0x4e1
 *(.debug_pubnames)
 .debug_pubnames
                0x00000000      0x388 lab2.o
 .debug_pubnames
                0x00000388      0x159 lcd_lib.o

.debug_info     0x00000000      0xfb8
 *(.debug_info)
 .debug_info    0x00000000      0x779 lab2.o
 .debug_info    0x00000779      0x83f lcd_lib.o
 *(.gnu.linkonce.wi.*)

.debug_abbrev   0x00000000      0x3e8
 *(.debug_abbrev)
 .debug_abbrev  0x00000000      0x22d lab2.o
 .debug_abbrev  0x0000022d      0x1bb lcd_lib.o

.debug_line     0x00000000      0xc04
 *(.debug_line)
 .debug_line    0x00000000      0x6d8 lab2.o
 .debug_line    0x000006d8      0x52c lcd_lib.o

.debug_frame    0x00000000      0x260
 *(.debug_frame)
 .debug_frame   0x00000000      0x120 lab2.o
 .debug_frame   0x00000120      0x140 lcd_lib.o

.debug_str      0x00000000      0x4f7
 *(.debug_str)
 .debug_str     0x00000000      0x39c lab2.o
                                0x406 (size before relaxing)
 .debug_str     0x0000039c      0x15b lcd_lib.o
                                0x25b (size before relaxing)

.debug_loc      0x00000000      0x630
 *(.debug_loc)
 .debug_loc     0x00000000       0xcc lab2.o
 .debug_loc     0x000000cc      0x564 lcd_lib.o

.debug_macinfo
 *(.debug_macinfo)
OUTPUT(lab2_f_c.elf elf32-avr)
LOAD linker stubs

.debug_ranges   0x00000000       0x30
 .debug_ranges  0x00000000       0x30 lab2.o
