Archive member included because of file (symbol)

c:/winavr-20100110/bin/../lib/gcc/avr/4.3.3/avr51\libgcc.a(_udivmodqi4.o)
                              lab3_f_c.o (__udivmodqi4)
c:/winavr-20100110/bin/../lib/gcc/avr/4.3.3/avr51\libgcc.a(_udivmodhi4.o)
                              lcd_lib.o (__udivmodhi4)
c:/winavr-20100110/bin/../lib/gcc/avr/4.3.3/avr51\libgcc.a(_divmodhi4.o)
                              lab3_f_c.o (__divmodhi4)
c:/winavr-20100110/bin/../lib/gcc/avr/4.3.3/avr51\libgcc.a(_exit.o)
                              c:/winavr-20100110/bin/../lib/gcc/avr/4.3.3/../../../../avr/lib/avr51/crtm1284p.o (exit)
c:/winavr-20100110/bin/../lib/gcc/avr/4.3.3/avr51\libgcc.a(_clear_bss.o)
                              lab3_f_c.o (__do_clear_bss)
c:/winavr-20100110/bin/../lib/gcc/avr/4.3.3/../../../../avr/lib/avr51\libc.a(sprintf.o)
                              lab3_f_c.o (sprintf)
c:/winavr-20100110/bin/../lib/gcc/avr/4.3.3/../../../../avr/lib/avr51\libc.a(vfprintf_std.o)
                              c:/winavr-20100110/bin/../lib/gcc/avr/4.3.3/../../../../avr/lib/avr51\libc.a(sprintf.o) (vfprintf)
c:/winavr-20100110/bin/../lib/gcc/avr/4.3.3/../../../../avr/lib/avr51\libc.a(strnlen_P.o)
                              c:/winavr-20100110/bin/../lib/gcc/avr/4.3.3/../../../../avr/lib/avr51\libc.a(vfprintf_std.o) (strnlen_P)
c:/winavr-20100110/bin/../lib/gcc/avr/4.3.3/../../../../avr/lib/avr51\libc.a(strnlen.o)
                              c:/winavr-20100110/bin/../lib/gcc/avr/4.3.3/../../../../avr/lib/avr51\libc.a(vfprintf_std.o) (strnlen)
c:/winavr-20100110/bin/../lib/gcc/avr/4.3.3/../../../../avr/lib/avr51\libc.a(fputc.o)
                              c:/winavr-20100110/bin/../lib/gcc/avr/4.3.3/../../../../avr/lib/avr51\libc.a(vfprintf_std.o) (fputc)
c:/winavr-20100110/bin/../lib/gcc/avr/4.3.3/../../../../avr/lib/avr51\libc.a(ultoa_invert.o)
                              c:/winavr-20100110/bin/../lib/gcc/avr/4.3.3/../../../../avr/lib/avr51\libc.a(vfprintf_std.o) (__ultoa_invert)

Allocating common symbols
Common symbol       size              file

age                 0x1e              lab3_f_c.o
screenindex         0x2               lab3_f_c.o
is_on_screen        0xf               lab3_f_c.o
screen              0x400             lab3_f_c.o
lcd_buffer          0x11              lab3_f_c.o
score               0x1               lab3_f_c.o
time_elapsed_HS     0x1               lab3_f_c.o
hit_count           0xf               lab3_f_c.o
LCD_char_count      0x1               lab3_f_c.o
x_pos               0x1e              lab3_f_c.o
keystr              0x11              lab3_f_c.o
LineCount           0x2               lab3_f_c.o
x_velocity          0x1e              lab3_f_c.o
y_velocity          0x1e              lab3_f_c.o
syncON              0x1               lab3_f_c.o
y_pos               0x1e              lab3_f_c.o
syncOFF             0x1               lab3_f_c.o

Memory Configuration

Name             Origin             Length             Attributes
text             0x00000000         0x00020000         xr
data             0x00800060         0x0000ffa0         rw !x
eeprom           0x00810000         0x00010000         rw !x
fuse             0x00820000         0x00000400         rw !x
lock             0x00830000         0x00000400         rw !x
signature        0x00840000         0x00000400         rw !x
*default*        0x00000000         0xffffffff

Linker script and memory map

Address of section .data set to 0x800100
LOAD c:/winavr-20100110/bin/../lib/gcc/avr/4.3.3/../../../../avr/lib/avr51/crtm1284p.o
LOAD lab3_f_c.o
LOAD lcd_lib.o
LOAD multASM.o
LOAD c:/winavr-20100110/bin/../lib/gcc/avr/4.3.3/avr51\libgcc.a
LOAD c:/winavr-20100110/bin/../lib/gcc/avr/4.3.3/../../../../avr/lib/avr51\libc.a
LOAD c:/winavr-20100110/bin/../lib/gcc/avr/4.3.3/avr51\libgcc.a

.hash
 *(.hash)

.dynsym
 *(.dynsym)

.dynstr
 *(.dynstr)

.gnu.version
 *(.gnu.version)

.gnu.version_d
 *(.gnu.version_d)

.gnu.version_r
 *(.gnu.version_r)

.rel.init
 *(.rel.init)

.rela.init
 *(.rela.init)

.rel.text
 *(.rel.text)
 *(.rel.text.*)
 *(.rel.gnu.linkonce.t*)

.rela.text
 *(.rela.text)
 *(.rela.text.*)
 *(.rela.gnu.linkonce.t*)

.rel.fini
 *(.rel.fini)

.rela.fini
 *(.rela.fini)

.rel.rodata
 *(.rel.rodata)
 *(.rel.rodata.*)
 *(.rel.gnu.linkonce.r*)

.rela.rodata
 *(.rela.rodata)
 *(.rela.rodata.*)
 *(.rela.gnu.linkonce.r*)

.rel.data
 *(.rel.data)
 *(.rel.data.*)
 *(.rel.gnu.linkonce.d*)

.rela.data
 *(.rela.data)
 *(.rela.data.*)
 *(.rela.gnu.linkonce.d*)

.rel.ctors
 *(.rel.ctors)

.rela.ctors
 *(.rela.ctors)

.rel.dtors
 *(.rel.dtors)

.rela.dtors
 *(.rela.dtors)

.rel.got
 *(.rel.got)

.rela.got
 *(.rela.got)

.rel.bss
 *(.rel.bss)

.rela.bss
 *(.rela.bss)

.rel.plt
 *(.rel.plt)

.rela.plt
 *(.rela.plt)

.text           0x00000000     0x1e90
 *(.vectors)
 .vectors       0x00000000       0x8c c:/winavr-20100110/bin/../lib/gcc/avr/4.3.3/../../../../avr/lib/avr51/crtm1284p.o
                0x00000000                __vectors
                0x00000000                __vector_default
 *(.vectors)
 *(.progmem.gcc*)
 *(.progmem*)
 .progmem.data  0x0000008c      0x40c lab3_f_c.o
                0x000000d4                LCD_dur_syllable
                0x0000008c                LCD_initialize
                0x0000009e                LCD_burst_freq
                0x000000f8                LCD_playing
                0x000000e6                LCD_rpt_interval
                0x000000b0                LCD_interval
                0x0000010a                LCD_cap_clear
                0x00000118                ascii
                0x000000c2                LCD_num_syllable
 .progmem.data  0x00000498       0x40 lcd_lib.o
                0x00000498                LcdCustomChar
                0x000004d8                . = ALIGN (0x2)
                0x000004d8                __trampolines_start = .
 *(.trampolines)
 .trampolines   0x000004d8        0x0 linker stubs
 *(.trampolines*)
                0x000004d8                __trampolines_end = .
 *(.jumptables)
 *(.jumptables*)
 *(.lowtext)
 *(.lowtext*)
                0x000004d8                __ctors_start = .
 *(.ctors)
                0x000004d8                __ctors_end = .
                0x000004d8                __dtors_start = .
 *(.dtors)
                0x000004d8                __dtors_end = .
 SORT(*)(.ctors)
 SORT(*)(.dtors)
 *(.init0)
 .init0         0x000004d8        0x0 c:/winavr-20100110/bin/../lib/gcc/avr/4.3.3/../../../../avr/lib/avr51/crtm1284p.o
                0x000004d8                __init
 *(.init0)
 *(.init1)
 *(.init1)
 *(.init2)
 .init2         0x000004d8        0xc c:/winavr-20100110/bin/../lib/gcc/avr/4.3.3/../../../../avr/lib/avr51/crtm1284p.o
 *(.init2)
 *(.init3)
 *(.init3)
 *(.init4)
 .init4         0x000004e4       0x1a c:/winavr-20100110/bin/../lib/gcc/avr/4.3.3/../../../../avr/lib/avr51/crtm1284p.o
                0x000004e4                __do_copy_data
 .init4         0x000004fe       0x10 c:/winavr-20100110/bin/../lib/gcc/avr/4.3.3/avr51\libgcc.a(_clear_bss.o)
                0x000004fe                __do_clear_bss
 *(.init4)
 *(.init5)
 *(.init5)
 *(.init6)
 *(.init6)
 *(.init7)
 *(.init7)
 *(.init8)
 *(.init8)
 *(.init9)
 .init9         0x0000050e        0x8 c:/winavr-20100110/bin/../lib/gcc/avr/4.3.3/../../../../avr/lib/avr51/crtm1284p.o
 *(.init9)
 *(.text)
 .text          0x00000516        0x4 c:/winavr-20100110/bin/../lib/gcc/avr/4.3.3/../../../../avr/lib/avr51/crtm1284p.o
                0x00000516                __vector_22
                0x00000516                __vector_28
                0x00000516                __vector_1
                0x00000516                __vector_32
                0x00000516                __vector_34
                0x00000516                __vector_24
                0x00000516                __vector_12
                0x00000516                __bad_interrupt
                0x00000516                __vector_6
                0x00000516                __vector_31
                0x00000516                __vector_3
                0x00000516                __vector_23
                0x00000516                __vector_30
                0x00000516                __vector_25
                0x00000516                __vector_11
                0x00000516                __vector_17
                0x00000516                __vector_19
                0x00000516                __vector_7
                0x00000516                __vector_27
                0x00000516                __vector_5
                0x00000516                __vector_33
                0x00000516                __vector_4
                0x00000516                __vector_9
                0x00000516                __vector_2
                0x00000516                __vector_21
                0x00000516                __vector_15
                0x00000516                __vector_29
                0x00000516                __vector_8
                0x00000516                __vector_26
                0x00000516                __vector_10
                0x00000516                __vector_16
                0x00000516                __vector_18
                0x00000516                __vector_20
 .text          0x0000051a     0x1058 lab3_f_c.o
                0x00000692                port_init
                0x000009dc                video_puts
                0x00000a14                video_set
                0x00000662                USART_init
                0x000014e8                write_LCD
                0x00000634                timer1_init
                0x0000154c                LCD_init
                0x0000069c                ADC_start_measure
                0x00000754                video_pt
                0x00000520                __vector_13
                0x0000067c                ADC_init
                0x00000a50                remove_ball
                0x00000db4                main
                0x00000d0a                add_ball
                0x00000b80                place_ball
                0x000006b2                initialize
                0x000007bc                video_line
                0x00000cb0                remove_oldest_ball
                0x0000051a                __vector_14
                0x000008fe                video_putchar
 .text          0x00001572      0x2ea lcd_lib.o
                0x000016bc                LCDinit
                0x000017a4                LCDcursorLeft
                0x0000178c                LCDcursorOFF
                0x0000177c                LCDcursorOn
                0x000015b4                LCDsendCommand
                0x00001760                LCDshiftRight
                0x000017c0                LCDcursorRight
                0x00001674                LCDdefinechar
                0x00001744                LCDshiftLeft
                0x00001572                LCDsendChar
                0x0000179c                LCDvisible
                0x000015f6                LCDhome
                0x00001646                CopyStringtoLCD
                0x000017dc                LCDprogressBar
                0x00001784                LCDcursorOnBlink
                0x00001628                LCDGotoXY
                0x000015ee                LCDclr
                0x000015fe                LCDstring
                0x00001794                LCDblank
 .text          0x0000185c       0x1c multASM.o
                0x0000185c                multfix
 .text          0x00001878        0x0 c:/winavr-20100110/bin/../lib/gcc/avr/4.3.3/avr51\libgcc.a(_udivmodqi4.o)
 .text          0x00001878        0x0 c:/winavr-20100110/bin/../lib/gcc/avr/4.3.3/avr51\libgcc.a(_udivmodhi4.o)
 .text          0x00001878        0x0 c:/winavr-20100110/bin/../lib/gcc/avr/4.3.3/avr51\libgcc.a(_divmodhi4.o)
 .text          0x00001878        0x0 c:/winavr-20100110/bin/../lib/gcc/avr/4.3.3/avr51\libgcc.a(_exit.o)
 .text          0x00001878        0x0 c:/winavr-20100110/bin/../lib/gcc/avr/4.3.3/avr51\libgcc.a(_clear_bss.o)
 .text          0x00001878        0x0 c:/winavr-20100110/bin/../lib/gcc/avr/4.3.3/../../../../avr/lib/avr51\libc.a(sprintf.o)
 .text          0x00001878        0x0 c:/winavr-20100110/bin/../lib/gcc/avr/4.3.3/../../../../avr/lib/avr51\libc.a(vfprintf_std.o)
 .text          0x00001878        0x0 c:/winavr-20100110/bin/../lib/gcc/avr/4.3.3/../../../../avr/lib/avr51\libc.a(strnlen_P.o)
 .text          0x00001878        0x0 c:/winavr-20100110/bin/../lib/gcc/avr/4.3.3/../../../../avr/lib/avr51\libc.a(strnlen.o)
 .text          0x00001878        0x0 c:/winavr-20100110/bin/../lib/gcc/avr/4.3.3/../../../../avr/lib/avr51\libc.a(fputc.o)
 .text          0x00001878        0x0 c:/winavr-20100110/bin/../lib/gcc/avr/4.3.3/../../../../avr/lib/avr51\libc.a(ultoa_invert.o)
                0x00001878                . = ALIGN (0x2)
 *(.text.*)
 .text.libgcc   0x00001878       0x18 c:/winavr-20100110/bin/../lib/gcc/avr/4.3.3/avr51\libgcc.a(_udivmodqi4.o)
                0x00001878                __udivmodqi4
 .text.libgcc   0x00001890       0x28 c:/winavr-20100110/bin/../lib/gcc/avr/4.3.3/avr51\libgcc.a(_udivmodhi4.o)
                0x00001890                __udivmodhi4
 .text.libgcc   0x000018b8       0x26 c:/winavr-20100110/bin/../lib/gcc/avr/4.3.3/avr51\libgcc.a(_divmodhi4.o)
                0x000018b8                __divmodhi4
                0x000018b8                _div
 .text.libgcc   0x000018de        0x0 c:/winavr-20100110/bin/../lib/gcc/avr/4.3.3/avr51\libgcc.a(_exit.o)
 .text.libgcc   0x000018de        0x0 c:/winavr-20100110/bin/../lib/gcc/avr/4.3.3/avr51\libgcc.a(_clear_bss.o)
 .text.avr-libc
                0x000018de       0x62 c:/winavr-20100110/bin/../lib/gcc/avr/4.3.3/../../../../avr/lib/avr51\libc.a(sprintf.o)
                0x000018de                sprintf
 .text.avr-libc
                0x00001940      0x40c c:/winavr-20100110/bin/../lib/gcc/avr/4.3.3/../../../../avr/lib/avr51\libc.a(vfprintf_std.o)
                0x00001940                vfprintf
 .text.avr-libc
                0x00001d4c       0x16 c:/winavr-20100110/bin/../lib/gcc/avr/4.3.3/../../../../avr/lib/avr51\libc.a(strnlen_P.o)
                0x00001d4c                strnlen_P
 .text.avr-libc
                0x00001d62       0x16 c:/winavr-20100110/bin/../lib/gcc/avr/4.3.3/../../../../avr/lib/avr51\libc.a(strnlen.o)
                0x00001d62                strnlen
 .text.avr-libc
                0x00001d78       0x58 c:/winavr-20100110/bin/../lib/gcc/avr/4.3.3/../../../../avr/lib/avr51\libc.a(fputc.o)
                0x00001d78                fputc
 .text.avr-libc
                0x00001dd0       0xbc c:/winavr-20100110/bin/../lib/gcc/avr/4.3.3/../../../../avr/lib/avr51\libc.a(ultoa_invert.o)
                0x00001dd0                __ultoa_invert
                0x00001e8c                . = ALIGN (0x2)
 *(.fini9)
 .fini9         0x00001e8c        0x0 c:/winavr-20100110/bin/../lib/gcc/avr/4.3.3/avr51\libgcc.a(_exit.o)
                0x00001e8c                exit
                0x00001e8c                _exit
 *(.fini9)
 *(.fini8)
 *(.fini8)
 *(.fini7)
 *(.fini7)
 *(.fini6)
 *(.fini6)
 *(.fini5)
 *(.fini5)
 *(.fini4)
 *(.fini4)
 *(.fini3)
 *(.fini3)
 *(.fini2)
 *(.fini2)
 *(.fini1)
 *(.fini1)
 *(.fini0)
 .fini0         0x00001e8c        0x4 c:/winavr-20100110/bin/../lib/gcc/avr/4.3.3/avr51\libgcc.a(_exit.o)
 *(.fini0)
                0x00001e90                _etext = .

.data           0x00800100       0x28 load address 0x00001e90
                0x00800100                PROVIDE (__data_start, .)
 *(.data)
 .data          0x00800100        0x0 c:/winavr-20100110/bin/../lib/gcc/avr/4.3.3/../../../../avr/lib/avr51/crtm1284p.o
 .data          0x00800100       0x27 lab3_f_c.o
                0x0080011f                pos
 .data          0x00800127        0x0 lcd_lib.o
 .data          0x00800127        0x0 multASM.o
 .data          0x00800127        0x0 c:/winavr-20100110/bin/../lib/gcc/avr/4.3.3/avr51\libgcc.a(_udivmodqi4.o)
 .data          0x00800127        0x0 c:/winavr-20100110/bin/../lib/gcc/avr/4.3.3/avr51\libgcc.a(_udivmodhi4.o)
 .data          0x00800127        0x0 c:/winavr-20100110/bin/../lib/gcc/avr/4.3.3/avr51\libgcc.a(_divmodhi4.o)
 .data          0x00800127        0x0 c:/winavr-20100110/bin/../lib/gcc/avr/4.3.3/avr51\libgcc.a(_exit.o)
 .data          0x00800127        0x0 c:/winavr-20100110/bin/../lib/gcc/avr/4.3.3/avr51\libgcc.a(_clear_bss.o)
 .data          0x00800127        0x0 c:/winavr-20100110/bin/../lib/gcc/avr/4.3.3/../../../../avr/lib/avr51\libc.a(sprintf.o)
 .data          0x00800127        0x0 c:/winavr-20100110/bin/../lib/gcc/avr/4.3.3/../../../../avr/lib/avr51\libc.a(vfprintf_std.o)
 .data          0x00800127        0x0 c:/winavr-20100110/bin/../lib/gcc/avr/4.3.3/../../../../avr/lib/avr51\libc.a(strnlen_P.o)
 .data          0x00800127        0x0 c:/winavr-20100110/bin/../lib/gcc/avr/4.3.3/../../../../avr/lib/avr51\libc.a(strnlen.o)
 .data          0x00800127        0x0 c:/winavr-20100110/bin/../lib/gcc/avr/4.3.3/../../../../avr/lib/avr51\libc.a(fputc.o)
 .data          0x00800127        0x0 c:/winavr-20100110/bin/../lib/gcc/avr/4.3.3/../../../../avr/lib/avr51\libc.a(ultoa_invert.o)
 *(.data*)
 *(.rodata)
 *(.rodata*)
 *(.gnu.linkonce.d*)
                0x00800128                . = ALIGN (0x2)
 *fill*         0x00800127        0x1 00
                0x00800128                _edata = .
                0x00800128                PROVIDE (__data_end, .)

.bss            0x00800128      0x4df
                0x00800128                PROVIDE (__bss_start, .)
 *(.bss)
 .bss           0x00800128        0x0 c:/winavr-20100110/bin/../lib/gcc/avr/4.3.3/../../../../avr/lib/avr51/crtm1284p.o
 .bss           0x00800128        0x0 lab3_f_c.o
 .bss           0x00800128        0x0 lcd_lib.o
 .bss           0x00800128        0x0 multASM.o
 .bss           0x00800128        0x0 c:/winavr-20100110/bin/../lib/gcc/avr/4.3.3/avr51\libgcc.a(_udivmodqi4.o)
 .bss           0x00800128        0x0 c:/winavr-20100110/bin/../lib/gcc/avr/4.3.3/avr51\libgcc.a(_udivmodhi4.o)
 .bss           0x00800128        0x0 c:/winavr-20100110/bin/../lib/gcc/avr/4.3.3/avr51\libgcc.a(_divmodhi4.o)
 .bss           0x00800128        0x0 c:/winavr-20100110/bin/../lib/gcc/avr/4.3.3/avr51\libgcc.a(_exit.o)
 .bss           0x00800128        0x0 c:/winavr-20100110/bin/../lib/gcc/avr/4.3.3/avr51\libgcc.a(_clear_bss.o)
 .bss           0x00800128        0x0 c:/winavr-20100110/bin/../lib/gcc/avr/4.3.3/../../../../avr/lib/avr51\libc.a(sprintf.o)
 .bss           0x00800128        0x0 c:/winavr-20100110/bin/../lib/gcc/avr/4.3.3/../../../../avr/lib/avr51\libc.a(vfprintf_std.o)
 .bss           0x00800128        0x0 c:/winavr-20100110/bin/../lib/gcc/avr/4.3.3/../../../../avr/lib/avr51\libc.a(strnlen_P.o)
 .bss           0x00800128        0x0 c:/winavr-20100110/bin/../lib/gcc/avr/4.3.3/../../../../avr/lib/avr51\libc.a(strnlen.o)
 .bss           0x00800128        0x0 c:/winavr-20100110/bin/../lib/gcc/avr/4.3.3/../../../../avr/lib/avr51\libc.a(fputc.o)
 .bss           0x00800128        0x0 c:/winavr-20100110/bin/../lib/gcc/avr/4.3.3/../../../../avr/lib/avr51\libc.a(ultoa_invert.o)
 *(.bss*)
 *(COMMON)
 COMMON         0x00800128      0x4df lab3_f_c.o
                0x00800128                age
                0x00800146                screenindex
                0x00800148                is_on_screen
                0x00800157                screen
                0x00800557                lcd_buffer
                0x00800568                score
                0x00800569                time_elapsed_HS
                0x0080056a                hit_count
                0x00800579                LCD_char_count
                0x0080057a                x_pos
                0x00800598                keystr
                0x008005a9                LineCount
                0x008005ab                x_velocity
                0x008005c9                y_velocity
                0x008005e7                syncON
                0x008005e8                y_pos
                0x00800606                syncOFF
                0x00800607                PROVIDE (__bss_end, .)
                0x00001e90                __data_load_start = LOADADDR (.data)
                0x00001eb8                __data_load_end = (__data_load_start + SIZEOF (.data))

.noinit         0x00800607        0x0
                0x00800607                PROVIDE (__noinit_start, .)
 *(.noinit*)
                0x00800607                PROVIDE (__noinit_end, .)
                0x00800607                _end = .
                0x00800607                PROVIDE (__heap_start, .)

.eeprom         0x00810000        0x0
 *(.eeprom*)
                0x00810000                __eeprom_end = .

.fuse
 *(.fuse)
 *(.lfuse)
 *(.hfuse)
 *(.efuse)

.lock
 *(.lock*)

.signature
 *(.signature*)

.stab
 *(.stab)

.stabstr
 *(.stabstr)

.stab.excl
 *(.stab.excl)

.stab.exclstr
 *(.stab.exclstr)

.stab.index
 *(.stab.index)

.stab.indexstr
 *(.stab.indexstr)

.comment
 *(.comment)

.debug
 *(.debug)

.line
 *(.line)

.debug_srcinfo
 *(.debug_srcinfo)

.debug_sfnames
 *(.debug_sfnames)

.debug_aranges  0x00000000       0x60
 *(.debug_aranges)
 .debug_aranges
                0x00000000       0x20 lab3_f_c.o
 .debug_aranges
                0x00000020       0x20 lcd_lib.o
 .debug_aranges
                0x00000040       0x20 multASM.o

.debug_pubnames
                0x00000000      0x42a
 *(.debug_pubnames)
 .debug_pubnames
                0x00000000      0x2d1 lab3_f_c.o
 .debug_pubnames
                0x000002d1      0x159 lcd_lib.o

.debug_info     0x00000000     0x1396
 *(.debug_info)
 .debug_info    0x00000000      0xae0 lab3_f_c.o
 .debug_info    0x00000ae0      0x83f lcd_lib.o
 .debug_info    0x0000131f       0x77 multASM.o
 *(.gnu.linkonce.wi.*)

.debug_abbrev   0x00000000      0x46c
 *(.debug_abbrev)
 .debug_abbrev  0x00000000      0x29d lab3_f_c.o
 .debug_abbrev  0x0000029d      0x1bb lcd_lib.o
 .debug_abbrev  0x00000458       0x14 multASM.o

.debug_line     0x00000000      0xfd9
 *(.debug_line)
 .debug_line    0x00000000      0xa67 lab3_f_c.o
 .debug_line    0x00000a67      0x52c lcd_lib.o
 .debug_line    0x00000f93       0x46 multASM.o

.debug_frame    0x00000000      0x290
 *(.debug_frame)
 .debug_frame   0x00000000      0x150 lab3_f_c.o
 .debug_frame   0x00000150      0x140 lcd_lib.o

.debug_str      0x00000000      0x4ed
 *(.debug_str)
 .debug_str     0x00000000      0x39f lab3_f_c.o
                                0x407 (size before relaxing)
 .debug_str     0x0000039f      0x14e lcd_lib.o
                                0x26b (size before relaxing)

.debug_loc      0x00000000      0xadb
 *(.debug_loc)
 .debug_loc     0x00000000      0x577 lab3_f_c.o
 .debug_loc     0x00000577      0x564 lcd_lib.o

.debug_macinfo
 *(.debug_macinfo)
OUTPUT(lab3_f_c.elf elf32-avr)
LOAD linker stubs

.debug_ranges   0x00000000       0x18
 .debug_ranges  0x00000000       0x18 lab3_f_c.o
