Archive member included because of file (symbol)

c:/winavr-20100110/bin/../lib/gcc/avr/4.3.3/avr51\libgcc.a(_udivmodhi4.o)
                              lcd_lib.o (__udivmodhi4)
c:/winavr-20100110/bin/../lib/gcc/avr/4.3.3/avr51\libgcc.a(_divmodhi4.o)
                              lab3_f_c.o (__divmodhi4)
c:/winavr-20100110/bin/../lib/gcc/avr/4.3.3/avr51\libgcc.a(_exit.o)
                              c:/winavr-20100110/bin/../lib/gcc/avr/4.3.3/../../../../avr/lib/avr51/crtm1284p.o (exit)
c:/winavr-20100110/bin/../lib/gcc/avr/4.3.3/avr51\libgcc.a(_clear_bss.o)
                              lab3_f_c.o (__do_clear_bss)
c:/winavr-20100110/bin/../lib/gcc/avr/4.3.3/../../../../avr/lib/avr51\libc.a(sprintf.o)
                              lab3_f_c.o (sprintf)
c:/winavr-20100110/bin/../lib/gcc/avr/4.3.3/../../../../avr/lib/avr51\libc.a(vfprintf_std.o)
                              c:/winavr-20100110/bin/../lib/gcc/avr/4.3.3/../../../../avr/lib/avr51\libc.a(sprintf.o) (vfprintf)
c:/winavr-20100110/bin/../lib/gcc/avr/4.3.3/../../../../avr/lib/avr51\libc.a(strnlen_P.o)
                              c:/winavr-20100110/bin/../lib/gcc/avr/4.3.3/../../../../avr/lib/avr51\libc.a(vfprintf_std.o) (strnlen_P)
c:/winavr-20100110/bin/../lib/gcc/avr/4.3.3/../../../../avr/lib/avr51\libc.a(strnlen.o)
                              c:/winavr-20100110/bin/../lib/gcc/avr/4.3.3/../../../../avr/lib/avr51\libc.a(vfprintf_std.o) (strnlen)
c:/winavr-20100110/bin/../lib/gcc/avr/4.3.3/../../../../avr/lib/avr51\libc.a(fputc.o)
                              c:/winavr-20100110/bin/../lib/gcc/avr/4.3.3/../../../../avr/lib/avr51\libc.a(vfprintf_std.o) (fputc)
c:/winavr-20100110/bin/../lib/gcc/avr/4.3.3/../../../../avr/lib/avr51\libc.a(ultoa_invert.o)
                              c:/winavr-20100110/bin/../lib/gcc/avr/4.3.3/../../../../avr/lib/avr51\libc.a(vfprintf_std.o) (__ultoa_invert)

Allocating common symbols
Common symbol       size              file

screenindex         0x2               lab3_f_c.o
is_on_screen        0xf               lab3_f_c.o
screen              0x400             lab3_f_c.o
lcd_buffer          0x11              lab3_f_c.o
LCD_char_count      0x1               lab3_f_c.o
x_pos               0x1e              lab3_f_c.o
keystr              0x11              lab3_f_c.o
LineCount           0x2               lab3_f_c.o
x_velocity          0x1e              lab3_f_c.o
y_velocity          0x1e              lab3_f_c.o
syncON              0x1               lab3_f_c.o
y_pos               0x1e              lab3_f_c.o
syncOFF             0x1               lab3_f_c.o

Memory Configuration

Name             Origin             Length             Attributes
text             0x00000000         0x00020000         xr
data             0x00800060         0x0000ffa0         rw !x
eeprom           0x00810000         0x00010000         rw !x
fuse             0x00820000         0x00000400         rw !x
lock             0x00830000         0x00000400         rw !x
signature        0x00840000         0x00000400         rw !x
*default*        0x00000000         0xffffffff

Linker script and memory map

Address of section .data set to 0x800100
LOAD c:/winavr-20100110/bin/../lib/gcc/avr/4.3.3/../../../../avr/lib/avr51/crtm1284p.o
LOAD lab3_f_c.o
LOAD lcd_lib.o
LOAD multASM.o
LOAD c:/winavr-20100110/bin/../lib/gcc/avr/4.3.3/avr51\libgcc.a
LOAD c:/winavr-20100110/bin/../lib/gcc/avr/4.3.3/../../../../avr/lib/avr51\libc.a
LOAD c:/winavr-20100110/bin/../lib/gcc/avr/4.3.3/avr51\libgcc.a

.hash
 *(.hash)

.dynsym
 *(.dynsym)

.dynstr
 *(.dynstr)

.gnu.version
 *(.gnu.version)

.gnu.version_d
 *(.gnu.version_d)

.gnu.version_r
 *(.gnu.version_r)

.rel.init
 *(.rel.init)

.rela.init
 *(.rela.init)

.rel.text
 *(.rel.text)
 *(.rel.text.*)
 *(.rel.gnu.linkonce.t*)

.rela.text
 *(.rela.text)
 *(.rela.text.*)
 *(.rela.gnu.linkonce.t*)

.rel.fini
 *(.rel.fini)

.rela.fini
 *(.rela.fini)

.rel.rodata
 *(.rel.rodata)
 *(.rel.rodata.*)
 *(.rel.gnu.linkonce.r*)

.rela.rodata
 *(.rela.rodata)
 *(.rela.rodata.*)
 *(.rela.gnu.linkonce.r*)

.rel.data
 *(.rel.data)
 *(.rel.data.*)
 *(.rel.gnu.linkonce.d*)

.rela.data
 *(.rela.data)
 *(.rela.data.*)
 *(.rela.gnu.linkonce.d*)

.rel.ctors
 *(.rel.ctors)

.rela.ctors
 *(.rela.ctors)

.rel.dtors
 *(.rel.dtors)

.rela.dtors
 *(.rela.dtors)

.rel.got
 *(.rel.got)

.rela.got
 *(.rela.got)

.rel.bss
 *(.rel.bss)

.rela.bss
 *(.rela.bss)

.rel.plt
 *(.rel.plt)

.rela.plt
 *(.rela.plt)

.text           0x00000000     0x19ce
 *(.vectors)
 .vectors       0x00000000       0x8c c:/winavr-20100110/bin/../lib/gcc/avr/4.3.3/../../../../avr/lib/avr51/crtm1284p.o
                0x00000000                __vectors
                0x00000000                __vector_default
 *(.vectors)
 *(.progmem.gcc*)
 *(.progmem*)
 .progmem.data  0x0000008c      0x40c lab3_f_c.o
                0x000000d4                LCD_dur_syllable
                0x0000008c                LCD_initialize
                0x0000009e                LCD_burst_freq
                0x000000f8                LCD_playing
                0x000000e6                LCD_rpt_interval
                0x000000b0                LCD_interval
                0x0000010a                LCD_cap_clear
                0x00000118                ascii
                0x000000c2                LCD_num_syllable
 .progmem.data  0x00000498       0x40 lcd_lib.o
                0x00000498                LcdCustomChar
                0x000004d8                . = ALIGN (0x2)
                0x000004d8                __trampolines_start = .
 *(.trampolines)
 .trampolines   0x000004d8        0x0 linker stubs
 *(.trampolines*)
                0x000004d8                __trampolines_end = .
 *(.jumptables)
 *(.jumptables*)
 *(.lowtext)
 *(.lowtext*)
                0x000004d8                __ctors_start = .
 *(.ctors)
                0x000004d8                __ctors_end = .
                0x000004d8                __dtors_start = .
 *(.dtors)
                0x000004d8                __dtors_end = .
 SORT(*)(.ctors)
 SORT(*)(.dtors)
 *(.init0)
 .init0         0x000004d8        0x0 c:/winavr-20100110/bin/../lib/gcc/avr/4.3.3/../../../../avr/lib/avr51/crtm1284p.o
                0x000004d8                __init
 *(.init0)
 *(.init1)
 *(.init1)
 *(.init2)
 .init2         0x000004d8        0xc c:/winavr-20100110/bin/../lib/gcc/avr/4.3.3/../../../../avr/lib/avr51/crtm1284p.o
 *(.init2)
 *(.init3)
 *(.init3)
 *(.init4)
 .init4         0x000004e4       0x1a c:/winavr-20100110/bin/../lib/gcc/avr/4.3.3/../../../../avr/lib/avr51/crtm1284p.o
                0x000004e4                __do_copy_data
 .init4         0x000004fe       0x10 c:/winavr-20100110/bin/../lib/gcc/avr/4.3.3/avr51\libgcc.a(_clear_bss.o)
                0x000004fe                __do_clear_bss
 *(.init4)
 *(.init5)
 *(.init5)
 *(.init6)
 *(.init6)
 *(.init7)
 *(.init7)
 *(.init8)
 *(.init8)
 *(.init9)
 .init9         0x0000050e        0x8 c:/winavr-20100110/bin/../lib/gcc/avr/4.3.3/../../../../avr/lib/avr51/crtm1284p.o
 *(.init9)
 *(.text)
 .text          0x00000516        0x4 c:/winavr-20100110/bin/../lib/gcc/avr/4.3.3/../../../../avr/lib/avr51/crtm1284p.o
                0x00000516                __vector_22
                0x00000516                __vector_28
                0x00000516                __vector_1
                0x00000516                __vector_32
                0x00000516                __vector_34
                0x00000516                __vector_24
                0x00000516                __vector_12
                0x00000516                __bad_interrupt
                0x00000516                __vector_6
                0x00000516                __vector_31
                0x00000516                __vector_3
                0x00000516                __vector_23
                0x00000516                __vector_30
                0x00000516                __vector_25
                0x00000516                __vector_11
                0x00000516                __vector_17
                0x00000516                __vector_19
                0x00000516                __vector_7
                0x00000516                __vector_27
                0x00000516                __vector_5
                0x00000516                __vector_33
                0x00000516                __vector_4
                0x00000516                __vector_9
                0x00000516                __vector_2
                0x00000516                __vector_21
                0x00000516                __vector_15
                0x00000516                __vector_29
                0x00000516                __vector_8
                0x00000516                __vector_26
                0x00000516                __vector_10
                0x00000516                __vector_16
                0x00000516                __vector_18
                0x00000516                __vector_20
 .text          0x0000051a      0xbae lab3_f_c.o
                0x00000692                port_init
                0x000009be                video_puts
                0x000009f6                video_set
                0x00000662                USART_init
                0x0000103e                write_LCD
                0x00000634                timer1_init
                0x000010a2                LCD_init
                0x0000069c                ADC_start_measure
                0x00000736                video_pt
                0x00000520                __vector_13
                0x0000067c                ADC_init
                0x00000a32                remove_ball
                0x00000c3e                main
                0x00000bd2                add_ball
                0x00000b02                place_ball
                0x000006b2                initialize
                0x0000079e                video_line
                0x0000051a                __vector_14
                0x000008e0                video_putchar
 .text          0x000010c8      0x2ea lcd_lib.o
                0x00001212                LCDinit
                0x000012fa                LCDcursorLeft
                0x000012e2                LCDcursorOFF
                0x000012d2                LCDcursorOn
                0x0000110a                LCDsendCommand
                0x000012b6                LCDshiftRight
                0x00001316                LCDcursorRight
                0x000011ca                LCDdefinechar
                0x0000129a                LCDshiftLeft
                0x000010c8                LCDsendChar
                0x000012f2                LCDvisible
                0x0000114c                LCDhome
                0x0000119c                CopyStringtoLCD
                0x00001332                LCDprogressBar
                0x000012da                LCDcursorOnBlink
                0x0000117e                LCDGotoXY
                0x00001144                LCDclr
                0x00001154                LCDstring
                0x000012ea                LCDblank
 .text          0x000013b2       0x1c multASM.o
                0x000013b2                multfix
 .text          0x000013ce        0x0 c:/winavr-20100110/bin/../lib/gcc/avr/4.3.3/avr51\libgcc.a(_udivmodhi4.o)
 .text          0x000013ce        0x0 c:/winavr-20100110/bin/../lib/gcc/avr/4.3.3/avr51\libgcc.a(_divmodhi4.o)
 .text          0x000013ce        0x0 c:/winavr-20100110/bin/../lib/gcc/avr/4.3.3/avr51\libgcc.a(_exit.o)
 .text          0x000013ce        0x0 c:/winavr-20100110/bin/../lib/gcc/avr/4.3.3/avr51\libgcc.a(_clear_bss.o)
 .text          0x000013ce        0x0 c:/winavr-20100110/bin/../lib/gcc/avr/4.3.3/../../../../avr/lib/avr51\libc.a(sprintf.o)
 .text          0x000013ce        0x0 c:/winavr-20100110/bin/../lib/gcc/avr/4.3.3/../../../../avr/lib/avr51\libc.a(vfprintf_std.o)
 .text          0x000013ce        0x0 c:/winavr-20100110/bin/../lib/gcc/avr/4.3.3/../../../../avr/lib/avr51\libc.a(strnlen_P.o)
 .text          0x000013ce        0x0 c:/winavr-20100110/bin/../lib/gcc/avr/4.3.3/../../../../avr/lib/avr51\libc.a(strnlen.o)
 .text          0x000013ce        0x0 c:/winavr-20100110/bin/../lib/gcc/avr/4.3.3/../../../../avr/lib/avr51\libc.a(fputc.o)
 .text          0x000013ce        0x0 c:/winavr-20100110/bin/../lib/gcc/avr/4.3.3/../../../../avr/lib/avr51\libc.a(ultoa_invert.o)
                0x000013ce                . = ALIGN (0x2)
 *(.text.*)
 .text.libgcc   0x000013ce       0x28 c:/winavr-20100110/bin/../lib/gcc/avr/4.3.3/avr51\libgcc.a(_udivmodhi4.o)
                0x000013ce                __udivmodhi4
 .text.libgcc   0x000013f6       0x26 c:/winavr-20100110/bin/../lib/gcc/avr/4.3.3/avr51\libgcc.a(_divmodhi4.o)
                0x000013f6                __divmodhi4
                0x000013f6                _div
 .text.libgcc   0x0000141c        0x0 c:/winavr-20100110/bin/../lib/gcc/avr/4.3.3/avr51\libgcc.a(_exit.o)
 .text.libgcc   0x0000141c        0x0 c:/winavr-20100110/bin/../lib/gcc/avr/4.3.3/avr51\libgcc.a(_clear_bss.o)
 .text.avr-libc
                0x0000141c       0x62 c:/winavr-20100110/bin/../lib/gcc/avr/4.3.3/../../../../avr/lib/avr51\libc.a(sprintf.o)
                0x0000141c                sprintf
 .text.avr-libc
                0x0000147e      0x40c c:/winavr-20100110/bin/../lib/gcc/avr/4.3.3/../../../../avr/lib/avr51\libc.a(vfprintf_std.o)
                0x0000147e                vfprintf
 .text.avr-libc
                0x0000188a       0x16 c:/winavr-20100110/bin/../lib/gcc/avr/4.3.3/../../../../avr/lib/avr51\libc.a(strnlen_P.o)
                0x0000188a                strnlen_P
 .text.avr-libc
                0x000018a0       0x16 c:/winavr-20100110/bin/../lib/gcc/avr/4.3.3/../../../../avr/lib/avr51\libc.a(strnlen.o)
                0x000018a0                strnlen
 .text.avr-libc
                0x000018b6       0x58 c:/winavr-20100110/bin/../lib/gcc/avr/4.3.3/../../../../avr/lib/avr51\libc.a(fputc.o)
                0x000018b6                fputc
 .text.avr-libc
                0x0000190e       0xbc c:/winavr-20100110/bin/../lib/gcc/avr/4.3.3/../../../../avr/lib/avr51\libc.a(ultoa_invert.o)
                0x0000190e                __ultoa_invert
                0x000019ca                . = ALIGN (0x2)
 *(.fini9)
 .fini9         0x000019ca        0x0 c:/winavr-20100110/bin/../lib/gcc/avr/4.3.3/avr51\libgcc.a(_exit.o)
                0x000019ca                exit
                0x000019ca                _exit
 *(.fini9)
 *(.fini8)
 *(.fini8)
 *(.fini7)
 *(.fini7)
 *(.fini6)
 *(.fini6)
 *(.fini5)
 *(.fini5)
 *(.fini4)
 *(.fini4)
 *(.fini3)
 *(.fini3)
 *(.fini2)
 *(.fini2)
 *(.fini1)
 *(.fini1)
 *(.fini0)
 .fini0         0x000019ca        0x4 c:/winavr-20100110/bin/../lib/gcc/avr/4.3.3/avr51\libgcc.a(_exit.o)
 *(.fini0)
                0x000019ce                _etext = .

.data           0x00800100       0x28 load address 0x000019ce
                0x00800100                PROVIDE (__data_start, .)
 *(.data)
 .data          0x00800100        0x0 c:/winavr-20100110/bin/../lib/gcc/avr/4.3.3/../../../../avr/lib/avr51/crtm1284p.o
 .data          0x00800100       0x27 lab3_f_c.o
                0x0080011f                pos
 .data          0x00800127        0x0 lcd_lib.o
 .data          0x00800127        0x0 multASM.o
 .data          0x00800127        0x0 c:/winavr-20100110/bin/../lib/gcc/avr/4.3.3/avr51\libgcc.a(_udivmodhi4.o)
 .data          0x00800127        0x0 c:/winavr-20100110/bin/../lib/gcc/avr/4.3.3/avr51\libgcc.a(_divmodhi4.o)
 .data          0x00800127        0x0 c:/winavr-20100110/bin/../lib/gcc/avr/4.3.3/avr51\libgcc.a(_exit.o)
 .data          0x00800127        0x0 c:/winavr-20100110/bin/../lib/gcc/avr/4.3.3/avr51\libgcc.a(_clear_bss.o)
 .data          0x00800127        0x0 c:/winavr-20100110/bin/../lib/gcc/avr/4.3.3/../../../../avr/lib/avr51\libc.a(sprintf.o)
 .data          0x00800127        0x0 c:/winavr-20100110/bin/../lib/gcc/avr/4.3.3/../../../../avr/lib/avr51\libc.a(vfprintf_std.o)
 .data          0x00800127        0x0 c:/winavr-20100110/bin/../lib/gcc/avr/4.3.3/../../../../avr/lib/avr51\libc.a(strnlen_P.o)
 .data          0x00800127        0x0 c:/winavr-20100110/bin/../lib/gcc/avr/4.3.3/../../../../avr/lib/avr51\libc.a(strnlen.o)
 .data          0x00800127        0x0 c:/winavr-20100110/bin/../lib/gcc/avr/4.3.3/../../../../avr/lib/avr51\libc.a(fputc.o)
 .data          0x00800127        0x0 c:/winavr-20100110/bin/../lib/gcc/avr/4.3.3/../../../../avr/lib/avr51\libc.a(ultoa_invert.o)
 *(.data*)
 *(.rodata)
 *(.rodata*)
 *(.gnu.linkonce.d*)
                0x00800128                . = ALIGN (0x2)
 *fill*         0x00800127        0x1 00
                0x00800128                _edata = .
                0x00800128                PROVIDE (__data_end, .)

.bss            0x00800128      0x4b0
                0x00800128                PROVIDE (__bss_start, .)
 *(.bss)
 .bss           0x00800128        0x0 c:/winavr-20100110/bin/../lib/gcc/avr/4.3.3/../../../../avr/lib/avr51/crtm1284p.o
 .bss           0x00800128        0x0 lab3_f_c.o
 .bss           0x00800128        0x0 lcd_lib.o
 .bss           0x00800128        0x0 multASM.o
 .bss           0x00800128        0x0 c:/winavr-20100110/bin/../lib/gcc/avr/4.3.3/avr51\libgcc.a(_udivmodhi4.o)
 .bss           0x00800128        0x0 c:/winavr-20100110/bin/../lib/gcc/avr/4.3.3/avr51\libgcc.a(_divmodhi4.o)
 .bss           0x00800128        0x0 c:/winavr-20100110/bin/../lib/gcc/avr/4.3.3/avr51\libgcc.a(_exit.o)
 .bss           0x00800128        0x0 c:/winavr-20100110/bin/../lib/gcc/avr/4.3.3/avr51\libgcc.a(_clear_bss.o)
 .bss           0x00800128        0x0 c:/winavr-20100110/bin/../lib/gcc/avr/4.3.3/../../../../avr/lib/avr51\libc.a(sprintf.o)
 .bss           0x00800128        0x0 c:/winavr-20100110/bin/../lib/gcc/avr/4.3.3/../../../../avr/lib/avr51\libc.a(vfprintf_std.o)
 .bss           0x00800128        0x0 c:/winavr-20100110/bin/../lib/gcc/avr/4.3.3/../../../../avr/lib/avr51\libc.a(strnlen_P.o)
 .bss           0x00800128        0x0 c:/winavr-20100110/bin/../lib/gcc/avr/4.3.3/../../../../avr/lib/avr51\libc.a(strnlen.o)
 .bss           0x00800128        0x0 c:/winavr-20100110/bin/../lib/gcc/avr/4.3.3/../../../../avr/lib/avr51\libc.a(fputc.o)
 .bss           0x00800128        0x0 c:/winavr-20100110/bin/../lib/gcc/avr/4.3.3/../../../../avr/lib/avr51\libc.a(ultoa_invert.o)
 *(.bss*)
 *(COMMON)
 COMMON         0x00800128      0x4b0 lab3_f_c.o
                0x00800128                screenindex
                0x0080012a                is_on_screen
                0x00800139                screen
                0x00800539                lcd_buffer
                0x0080054a                LCD_char_count
                0x0080054b                x_pos
                0x00800569                keystr
                0x0080057a                LineCount
                0x0080057c                x_velocity
                0x0080059a                y_velocity
                0x008005b8                syncON
                0x008005b9                y_pos
                0x008005d7                syncOFF
                0x008005d8                PROVIDE (__bss_end, .)
                0x000019ce                __data_load_start = LOADADDR (.data)
                0x000019f6                __data_load_end = (__data_load_start + SIZEOF (.data))

.noinit         0x008005d8        0x0
                0x008005d8                PROVIDE (__noinit_start, .)
 *(.noinit*)
                0x008005d8                PROVIDE (__noinit_end, .)
                0x008005d8                _end = .
                0x008005d8                PROVIDE (__heap_start, .)

.eeprom         0x00810000        0x0
 *(.eeprom*)
                0x00810000                __eeprom_end = .

.fuse
 *(.fuse)
 *(.lfuse)
 *(.hfuse)
 *(.efuse)

.lock
 *(.lock*)

.signature
 *(.signature*)

.stab
 *(.stab)

.stabstr
 *(.stabstr)

.stab.excl
 *(.stab.excl)

.stab.exclstr
 *(.stab.exclstr)

.stab.index
 *(.stab.index)

.stab.indexstr
 *(.stab.indexstr)

.comment
 *(.comment)

.debug
 *(.debug)

.line
 *(.line)

.debug_srcinfo
 *(.debug_srcinfo)

.debug_sfnames
 *(.debug_sfnames)

.debug_aranges  0x00000000       0x60
 *(.debug_aranges)
 .debug_aranges
                0x00000000       0x20 lab3_f_c.o
 .debug_aranges
                0x00000020       0x20 lcd_lib.o
 .debug_aranges
                0x00000040       0x20 multASM.o

.debug_pubnames
                0x00000000      0x3df
 *(.debug_pubnames)
 .debug_pubnames
                0x00000000      0x286 lab3_f_c.o
 .debug_pubnames
                0x00000286      0x159 lcd_lib.o

.debug_info     0x00000000     0x128d
 *(.debug_info)
 .debug_info    0x00000000      0x9d7 lab3_f_c.o
 .debug_info    0x000009d7      0x83f lcd_lib.o
 .debug_info    0x00001216       0x77 multASM.o
 *(.gnu.linkonce.wi.*)

.debug_abbrev   0x00000000      0x45b
 *(.debug_abbrev)
 .debug_abbrev  0x00000000      0x28c lab3_f_c.o
 .debug_abbrev  0x0000028c      0x1bb lcd_lib.o
 .debug_abbrev  0x00000447       0x14 multASM.o

.debug_line     0x00000000      0xe12
 *(.debug_line)
 .debug_line    0x00000000      0x8a0 lab3_f_c.o
 .debug_line    0x000008a0      0x52c lcd_lib.o
 .debug_line    0x00000dcc       0x46 multASM.o

.debug_frame    0x00000000      0x280
 *(.debug_frame)
 .debug_frame   0x00000000      0x140 lab3_f_c.o
 .debug_frame   0x00000140      0x140 lcd_lib.o

.debug_str      0x00000000      0x4aa
 *(.debug_str)
 .debug_str     0x00000000      0x35c lab3_f_c.o
                                0x3c4 (size before relaxing)
 .debug_str     0x0000035c      0x14e lcd_lib.o
                                0x26b (size before relaxing)

.debug_loc      0x00000000      0xa59
 *(.debug_loc)
 .debug_loc     0x00000000      0x4f5 lab3_f_c.o
 .debug_loc     0x000004f5      0x564 lcd_lib.o

.debug_macinfo
 *(.debug_macinfo)
OUTPUT(lab3_f_c.elf elf32-avr)
LOAD linker stubs

.debug_ranges   0x00000000       0x18
 .debug_ranges  0x00000000       0x18 lab3_f_c.o
